// Jest Snapshot v1, https://goo.gl/fbAQLP

exports[`should render AccountCard correctly 1`] = `
<div
  className="card-layout"
>
  <[object Object]
    to="account/undefined"
  >
    <h3 />
  </[object Object]>
  <p>
    NaN
  </p>
</div>
`;
