// Jest Snapshot v1, https://goo.gl/fbAQLP

exports[`should render AddTransactionPage correctly 1`] = `
<div>
  <div
    className="page-header"
  >
    <div
      className="content-container"
    >
      <h1>
        Add a new transaction
      </h1>
    </div>
  </div>
  <div
    className="content-container"
  >
    <TransactionForm />
  </div>
</div>
`;
