// Jest Snapshot v1, https://goo.gl/fbAQLP

exports[`should render LoginPage correclty 1`] = `
<div
  className="box-layout"
>
  <div
    className="box-layout__box"
  >
    <h1
      className="box-layout__title"
    >
      Budget App
    </h1>
    <p>
      Manage your expenses everywhere
    </p>
    <input
      placeholder="E-mail"
      type="text"
    />
    <input
      placeholder="Password"
      type="password"
    />
    <button
      className="button"
    >
      Login
    </button>
    <p>
      or
    </p>
    <button
      className="button"
      onClick={[Function]}
    >
      Login with Google
    </button>
  </div>
</div>
`;
